Copyright 1986-2022 Xilinx, Inc. All Rights Reserved. Copyright 2022-2023 Advanced Micro Devices, Inc. All Rights Reserved.
---------------------------------------------------------------------------------------------------------------------------------------------
| Tool Version : Vivado v.2023.2 (win64) Build 4029153 Fri Oct 13 20:14:34 MDT 2023
| Date         : Thu May 16 19:37:59 2024
| Host         : MikeHP running 64-bit major release  (build 9200)
| Command      : report_control_sets -verbose -file top_control_sets_placed.rpt
| Design       : top
| Device       : xc7a200t
---------------------------------------------------------------------------------------------------------------------------------------------

Control Set Information

Table of Contents
-----------------
1. Summary
2. Histogram
3. Flip-Flop Distribution
4. Detailed Control Set Information

1. Summary
----------

+----------------------------------------------------------+-------+
|                          Status                          | Count |
+----------------------------------------------------------+-------+
| Total control sets                                       |    22 |
|    Minimum number of control sets                        |    22 |
|    Addition due to synthesis replication                 |     0 |
|    Addition due to physical synthesis replication        |     0 |
| Unused register locations in slices containing registers |    62 |
+----------------------------------------------------------+-------+
* Control sets can be merged at opt_design using control_set_merge or merge_equivalent_drivers
** Run report_qor_suggestions for automated merging and remapping suggestions


2. Histogram
------------

+--------------------+-------+
|       Fanout       | Count |
+--------------------+-------+
| Total control sets |    22 |
| >= 0 to < 4        |     5 |
| >= 4 to < 6        |     3 |
| >= 6 to < 8        |     0 |
| >= 8 to < 10       |     3 |
| >= 10 to < 12      |     0 |
| >= 12 to < 14      |     0 |
| >= 14 to < 16      |     0 |
| >= 16              |    11 |
+--------------------+-------+
* Control sets can be remapped at either synth_design or opt_design


3. Flip-Flop Distribution
-------------------------

+--------------+-----------------------+------------------------+-----------------+--------------+
| Clock Enable | Synchronous Set/Reset | Asynchronous Set/Reset | Total Registers | Total Slices |
+--------------+-----------------------+------------------------+-----------------+--------------+
| No           | No                    | No                     |              45 |           15 |
| No           | No                    | Yes                    |             249 |           65 |
| No           | Yes                   | No                     |               9 |            2 |
| Yes          | No                    | No                     |              80 |           17 |
| Yes          | No                    | Yes                    |             480 |          204 |
| Yes          | Yes                   | No                     |              67 |           19 |
+--------------+-----------------------+------------------------+-----------------+--------------+


4. Detailed Control Set Information
-----------------------------------

+----------------------------------------------+-------------------------------------------+-------------------------------------------+------------------+----------------+--------------+
|                 Clock Signal                 |               Enable Signal               |              Set/Reset Signal             | Slice Load Count | Bel Load Count | Bels / Slice |
+----------------------------------------------+-------------------------------------------+-------------------------------------------+------------------+----------------+--------------+
|  u_tdc/u_EdgeDetector/oRise                  |                                           | u_tdc/rst                                 |                1 |              1 |         1.00 |
|  u_tdc/u_EdgeDetector/oFall                  |                                           | u_tdc/rst                                 |                1 |              1 |         1.00 |
|  u_clk/block_clock_i/clk_wiz_0/inst/clk_out2 |                                           | u_tdc/u_merge/done                        |                1 |              1 |         1.00 |
|  u_clk/block_clock_i/clk_wiz_0/inst/clk_out2 |                                           |                                           |                2 |              3 |         1.50 |
|  u_clk/block_clock_i/clk_wiz_0/inst/clk_out2 | u_tdc/u_merge/storeStop                   | u_tdc/u_merge/counter[2]_i_1_n_0          |                2 |              3 |         1.50 |
|  uart_clk                                    |                                           | starting_delay_counter[3]_i_1_n_0         |                1 |              4 |         4.00 |
|  u_clk/block_clock_i/clk_wiz_0/inst/clk_out3 |                                           | u_tdc/rst                                 |                1 |              4 |         4.00 |
|  u_clk/block_clock_i/clk_wiz_0/inst/clk_out  |                                           | TOP_COUNTER                               |                1 |              5 |         5.00 |
|  u_clk/block_clock_i/clk_wiz_0/inst/clk_out2 | u_tdc/u_merge/StartEdge_stored[7]_i_2_n_0 | u_tdc/u_merge/StartEdge_stored[7]_i_1_n_0 |                1 |              8 |         8.00 |
|  u_clk/block_clock_i/clk_wiz_0/inst/clk_out2 | u_tdc/u_merge/StopEdge_stored[7]_i_2_n_0  | u_tdc/u_merge/StopEdge_stored[7]_i_1_n_0  |                1 |              8 |         8.00 |
|  uart_clk                                    |                                           |                                           |                4 |              9 |         2.25 |
|  u_clk/block_clock_i/clk_wiz_0/inst/clk_out3 | hit                                       | u_tdc/rst                                 |                5 |             16 |         3.20 |
|  u_clk/block_clock_i/clk_wiz_0/inst/clk_out3 | u_tdc/u_EdgeDetector_1/oFall              |                                           |                5 |             16 |         3.20 |
|  u_clk/block_clock_i/clk_wiz_0/inst/clk_out4 | hit                                       | u_tdc/rst                                 |                5 |             16 |         3.20 |
|  u_clk/block_clock_i/clk_wiz_0/inst/clk_out4 | u_tdc/u_EdgeDetector_2/oFall              |                                           |                3 |             16 |         5.33 |
|  u_clk/block_clock_i/clk_wiz_0/inst/clk_out2 | hit                                       | u_tdc/rst                                 |                5 |             16 |         3.20 |
|  u_clk/block_clock_i/clk_wiz_0/inst/clk_out2 | u_tdc/u_EdgeDetector/oFall                |                                           |                3 |             16 |         5.33 |
|  u_clk/block_clock_i/clk_wiz_0/inst/clk_out2 | u_tdc/u_merge/done                        |                                           |                6 |             32 |         5.33 |
|  u_clk/block_clock_i/clk_wiz_0/inst/clk_out  |                                           |                                           |                9 |             33 |         3.67 |
|  u_clk/block_clock_i/clk_wiz_0/inst/clk_out2 | u_tdc/u_EdgeDetector/oRise                | u_tdc/rst                                 |              109 |            240 |         2.20 |
|  u_clk/block_clock_i/clk_wiz_0/inst/clk_out2 | u_tdc/u_EdgeDetector/oFall                | u_tdc/rst                                 |               95 |            240 |         2.53 |
|  u_clk/block_clock_i/clk_wiz_0/inst/clk_out2 |                                           | u_tdc/rst                                 |               61 |            242 |         3.97 |
+----------------------------------------------+-------------------------------------------+-------------------------------------------+------------------+----------------+--------------+


